exports[`<App /> component should render <App /> correctly 1`] = `
<div
  className="container">
  <div
    className="image-container">
    <img
      className="image "
      src="test-file-stub" />
  </div>
  <input
    className="image-chooser"
    onChange={[Function]}
    type="file" />
  <div
    className="actions">
    <div
      className="available-actions-container">
      <div
        className="menu-title">
        Available Actions
      </div>
      <ul>
        <li
          className="action"
          onClick={[Function]}>
          <a>
            Rotate
          </a>
        </li>
        <li
          className="action"
          onClick={[Function]}>
          <a>
            Translate
          </a>
        </li>
        <li
          className="action"
          onClick={[Function]}>
          <a>
            Opacity
          </a>
        </li>
        <li
          className="action"
          onClick={[Function]}>
          <a>
            Bounce
          </a>
        </li>
      </ul>
    </div>
    <div
      className="applied-actions-container">
      <div
        className="menu-title">
        Applied Actions
      </div>
      <ul />
    </div>
  </div>
</div>
`;
